# Logfile created on 2020-07-28 18:21:25 -0400 by logger.rb/v1.4.2
item addeditem addeditem addeditem addeditem addeditem added